
> pawnecta-web@0.1.0 build
> next build

  Ôû▓ Next.js 14.2.3
  - Environments: .env.local

   Linting and checking validity of types ...
node.exe : 
En línea: 1 Carácter: 1
+ & "C:\Program Files\nodejs/node.exe" "C:\Program Files\nodejs/node_mo ...
+ ~~~~~~~~~~~~~~~~~~~~~~~~~~~~~~~~~~~~~~~~~~~~~~~~~~~~~~~~~~~~~~~~~~~~~
    + CategoryInfo          : NotSpecified: (:String) [], RemoteException
    + FullyQualifiedErrorId : NativeCommandError
 
Failed to compile.

./pages/admin/proveedores.tsx
304:73  Warning: Using `<img>` could result in slower LCP and higher bandwidth. Consider using `<Image />` from `next/image` to automatically optimize images. This may incur 
additional usage or cost from your provider. See: https://nextjs.org/docs/messages/no-img-element  @next/next/no-img-element
469:73  Warning: Using `<img>` could result in slower LCP and higher bandwidth. Consider using `<Image />` from `next/image` to automatically optimize images. This may incur 
additional usage or cost from your provider. See: https://nextjs.org/docs/messages/no-img-element  @next/next/no-img-element

./components/Emails/NewEvaluationEmail.tsx
39:33  Error: `"` can be escaped with `&quot;`, `&ldquo;`, `&#34;`, `&rdquo;`.  react/no-unescaped-entities
39:46  Error: `"` can be escaped with `&quot;`, `&ldquo;`, `&#34;`, `&rdquo;`.  react/no-unescaped-entities

./components/Explore/ServiceCard.tsx
85:29  Warning: Using `<img>` could result in slower LCP and higher bandwidth. Consider using `<Image />` from `next/image` to automatically optimize images. This may incur 
additional usage or cost from your provider. See: https://nextjs.org/docs/messages/no-img-element  @next/next/no-img-element

./components/HomeSections.tsx
184:11  Warning: Using `<img>` could result in slower LCP and higher bandwidth. Consider using `<Image />` from `next/image` to automatically optimize images. This may incur 
additional usage or cost from your provider. See: https://nextjs.org/docs/messages/no-img-element  @next/next/no-img-element
214:21  Warning: Using `<img>` could result in slower LCP and higher bandwidth. Consider using `<Image />` from `next/image` to automatically optimize images. This may incur 
additional usage or cost from your provider. See: https://nextjs.org/docs/messages/no-img-element  @next/next/no-img-element

./components/Proveedor/ServiceFormModal.tsx
48:8  Warning: React Hook useEffect has a missing dependency: 'fetchCategorias'. Either include it or remove the dependency array.  react-hooks/exhaustive-deps
360:41  Warning: Using `<img>` could result in slower LCP and higher bandwidth. Consider using `<Image />` from `next/image` to automatically optimize images. This may incur 
additional usage or cost from your provider. See: https://nextjs.org/docs/messages/no-img-element  @next/next/no-img-element

./components/SessionTimeout.tsx
86:8  Warning: React Hook useEffect has a missing dependency: 'INACTIVITY_LIMIT_MS'. Either include it or remove the dependency array.  react-hooks/exhaustive-deps

./components/Shared/ContactSitterButton.tsx
126:8  Warning: React Hook React.useEffect has a missing dependency: 'fetchUnreadCount'. Either include it or remove the dependency array.  react-hooks/exhaustive-deps

./components/Shared/UnreadBadge.tsx
24:8  Warning: React Hook useEffect has missing dependencies: 'fetchUnreadCount' and 'subscribeToMessages'. Either include them or remove the dependency array.  
react-hooks/exhaustive-deps

info  - Need to disable some ESLint rules? Learn more here: https://nextjs.org/docs/basic-features/eslint#disabling-rules
